// Jest Snapshot v1, https://goo.gl/fbAQLP

exports[`LeaderboardPage should render the component 1`] = `
<div>
  <span
    class="MuiLinearProgress-root MuiLinearProgress-colorPrimary MuiLinearProgress-indeterminate css-eglki6-MuiLinearProgress-root"
    role="progressbar"
  >
    <span
      class="MuiLinearProgress-bar MuiLinearProgress-barColorPrimary MuiLinearProgress-bar1Indeterminate css-5ir5xx-MuiLinearProgress-bar1"
    />
    <span
      class="MuiLinearProgress-bar MuiLinearProgress-barColorPrimary MuiLinearProgress-bar2Indeterminate css-1r8wrcl-MuiLinearProgress-bar2"
    />
  </span>
</div>
`;

exports[`LeaderboardPage should render the leaderboard table with users 1`] = `
<div>
  <div
    class="MuiContainer-root MuiContainer-maxWidthMd css-1poorr9-MuiContainer-root"
  >
    <div
      class="MuiBox-root css-0"
    >
      <h1
        class="MuiTypography-root MuiTypography-h3 MuiTypography-alignCenter css-47suzj-MuiTypography-root"
      >
        Leaderboard
      </h1>
    </div>
    <div
      class="MuiPaper-root MuiPaper-elevation MuiPaper-rounded MuiPaper-elevation1 MuiTableContainer-root css-pazu8s-MuiPaper-root-MuiTableContainer-root"
    >
      <div
        class="MuiBox-root css-1gk6p0h"
      >
        <table
          class="MuiTable-root css-rqglhn-MuiTable-root"
        >
          <thead
            class="MuiTableHead-root css-15wwp11-MuiTableHead-root"
          >
            <tr
              class="MuiTableRow-root MuiTableRow-head css-jkgoj5-MuiTableRow-root"
            >
              <th
                class="MuiTableCell-root MuiTableCell-head MuiTableCell-sizeMedium css-1ygcj2i-MuiTableCell-root"
                colspan="2"
                scope="col"
              >
                <p
                  class="MuiTypography-root MuiTypography-body1 css-jb1ygz-MuiTypography-root"
                >
                  Users
                </p>
              </th>
              <th
                class="MuiTableCell-root MuiTableCell-head MuiTableCell-alignCenter MuiTableCell-sizeMedium css-1ndpvdd-MuiTableCell-root"
                scope="col"
              >
                 
                <p
                  class="MuiTypography-root MuiTypography-body1 css-jb1ygz-MuiTypography-root"
                >
                  Answers
                </p>
              </th>
              <th
                class="MuiTableCell-root MuiTableCell-head MuiTableCell-alignCenter MuiTableCell-sizeMedium css-1ndpvdd-MuiTableCell-root"
                scope="col"
              >
                <p
                  class="MuiTypography-root MuiTypography-body1 css-jb1ygz-MuiTypography-root"
                >
                  Created
                </p>
              </th>
              <th
                class="MuiTableCell-root MuiTableCell-head MuiTableCell-alignCenter MuiTableCell-sizeMedium css-1ndpvdd-MuiTableCell-root"
                scope="col"
              >
                <p
                  class="MuiTypography-root MuiTypography-body1 css-jb1ygz-MuiTypography-root"
                >
                  Score
                </p>
              </th>
            </tr>
          </thead>
          <tbody
            class="MuiTableBody-root css-apqrd9-MuiTableBody-root"
            data-testid="leaderboard-table-body"
          >
            <tr
              class="MuiTableRow-root css-1q1u3t4-MuiTableRow-root"
            >
              <td
                class="MuiTableCell-root MuiTableCell-body MuiTableCell-sizeMedium css-1ex1afd-MuiTableCell-root"
                colspan="2"
              >
                <div
                  class="MuiBox-root css-1i27l4i"
                >
                  <div
                    class="MuiAvatar-root MuiAvatar-circular MuiAvatar-colorDefault css-smk8f9-MuiAvatar-root"
                  >
                    <svg
                      aria-hidden="true"
                      class="MuiSvgIcon-root MuiSvgIcon-fontSizeMedium MuiAvatar-fallback css-10mi8st-MuiSvgIcon-root-MuiAvatar-fallback"
                      data-testid="PersonIcon"
                      focusable="false"
                      viewBox="0 0 24 24"
                    >
                      <path
                        d="M12 12c2.21 0 4-1.79 4-4s-1.79-4-4-4-4 1.79-4 4 1.79 4 4 4zm0 2c-2.67 0-8 1.34-8 4v2h16v-2c0-2.66-5.33-4-8-4z"
                      />
                    </svg>
                  </div>
                  <div
                    class="MuiBox-root css-cgq59l"
                  >
                    <p
                      class="MuiTypography-root MuiTypography-body1 css-ahj2mt-MuiTypography-root"
                    >
                      Sarah Edo
                    </p>
                    <p
                      class="MuiTypography-root MuiTypography-body2 css-r40f8v-MuiTypography-root"
                    >
                      sarahedo
                    </p>
                  </div>
                </div>
              </td>
              <td
                class="MuiTableCell-root MuiTableCell-body MuiTableCell-alignCenter MuiTableCell-sizeMedium css-1yhpg23-MuiTableCell-root"
              >
                4
              </td>
              <td
                class="MuiTableCell-root MuiTableCell-body MuiTableCell-alignCenter MuiTableCell-sizeMedium css-1yhpg23-MuiTableCell-root"
              >
                2
              </td>
              <td
                class="MuiTableCell-root MuiTableCell-body MuiTableCell-alignCenter MuiTableCell-sizeMedium css-1yhpg23-MuiTableCell-root"
              >
                6
              </td>
            </tr>
            <tr
              class="MuiTableRow-root css-1q1u3t4-MuiTableRow-root"
            >
              <td
                class="MuiTableCell-root MuiTableCell-body MuiTableCell-sizeMedium css-1ex1afd-MuiTableCell-root"
                colspan="2"
              >
                <div
                  class="MuiBox-root css-1i27l4i"
                >
                  <div
                    class="MuiAvatar-root MuiAvatar-circular MuiAvatar-colorDefault css-smk8f9-MuiAvatar-root"
                  >
                    <svg
                      aria-hidden="true"
                      class="MuiSvgIcon-root MuiSvgIcon-fontSizeMedium MuiAvatar-fallback css-10mi8st-MuiSvgIcon-root-MuiAvatar-fallback"
                      data-testid="PersonIcon"
                      focusable="false"
                      viewBox="0 0 24 24"
                    >
                      <path
                        d="M12 12c2.21 0 4-1.79 4-4s-1.79-4-4-4-4 1.79-4 4 1.79 4 4 4zm0 2c-2.67 0-8 1.34-8 4v2h16v-2c0-2.66-5.33-4-8-4z"
                      />
                    </svg>
                  </div>
                  <div
                    class="MuiBox-root css-cgq59l"
                  >
                    <p
                      class="MuiTypography-root MuiTypography-body1 css-ahj2mt-MuiTypography-root"
                    >
                      Tyler McGinnis
                    </p>
                    <p
                      class="MuiTypography-root MuiTypography-body2 css-r40f8v-MuiTypography-root"
                    >
                      tylermcginnis
                    </p>
                  </div>
                </div>
              </td>
              <td
                class="MuiTableCell-root MuiTableCell-body MuiTableCell-alignCenter MuiTableCell-sizeMedium css-1yhpg23-MuiTableCell-root"
              >
                2
              </td>
              <td
                class="MuiTableCell-root MuiTableCell-body MuiTableCell-alignCenter MuiTableCell-sizeMedium css-1yhpg23-MuiTableCell-root"
              >
                2
              </td>
              <td
                class="MuiTableCell-root MuiTableCell-body MuiTableCell-alignCenter MuiTableCell-sizeMedium css-1yhpg23-MuiTableCell-root"
              >
                4
              </td>
            </tr>
          </tbody>
        </table>
      </div>
    </div>
  </div>
</div>
`;
